\BOOKMARK [1][-]{section.1}{\376\377\000I\000n\000t\000r\000o\000d\000u\000c\000t\000i\000o\000n}{}% 1
\BOOKMARK [2][-]{subsection.1.1}{\376\377\000R\000e\000l\000a\000t\000e\000d\000\040\000W\000o\000r\000k}{section.1}% 2
\BOOKMARK [2][-]{subsection.1.2}{\376\377\000C\000o\000n\000t\000r\000i\000b\000u\000t\000i\000o\000n\000s}{section.1}% 3
\BOOKMARK [1][-]{section.2}{\376\377\000M\000o\000d\000e\000l\000\040\000F\000r\000a\000m\000e\000w\000o\000r\000k}{}% 4
\BOOKMARK [2][-]{subsection.2.1}{\376\377\000S\000e\000r\000i\000e\000s\000\040\000S\000y\000s\000t\000e\000m\000\040\000w\000i\000t\000h\000\040\000W\000e\000i\000b\000u\000l\000l\000\040\000C\000o\000m\000p\000o\000n\000e\000n\000t\000s}{section.2}% 5
\BOOKMARK [2][-]{subsection.2.2}{\376\377\000M\000a\000s\000k\000e\000d\000\040\000a\000n\000d\000\040\000C\000e\000n\000s\000o\000r\000e\000d\000\040\000D\000a\000t\000a}{section.2}% 6
\BOOKMARK [2][-]{subsection.2.3}{\376\377\000T\000h\000e\000\040\000C\000o\000m\000m\000o\000n\000-\000S\000h\000a\000p\000e\000\040\000M\000o\000d\000e\000l}{section.2}% 7
\BOOKMARK [2][-]{subsection.2.4}{\376\377\000B\000a\000s\000e\000l\000i\000n\000e\000\040\000S\000y\000s\000t\000e\000m\000\040\000a\000n\000d\000\040\000S\000i\000m\000u\000l\000a\000t\000i\000o\000n\000\040\000D\000e\000s\000i\000g\000n}{section.2}% 8
\BOOKMARK [1][-]{section.3}{\376\377\000C\000o\000n\000s\000e\000q\000u\000e\000n\000c\000e\000\040\000A\000n\000a\000l\000y\000s\000i\000s\000:\000\040\000D\000o\000e\000s\000\040\000M\000o\000d\000e\000l\000\040\000M\000i\000s\000s\000p\000e\000c\000i\000f\000i\000c\000a\000t\000i\000o\000n\000\040\000M\000a\000t\000t\000e\000r\000?}{}% 9
\BOOKMARK [2][-]{subsection.3.1}{\376\377\000S\000i\000m\000u\000l\000a\000t\000i\000o\000n\000\040\000D\000e\000s\000i\000g\000n}{section.3}% 10
\BOOKMARK [2][-]{subsection.3.2}{\376\377\000R\000e\000s\000u\000l\000t\000s}{section.3}% 11
\BOOKMARK [2][-]{subsection.3.3}{\376\377\000D\000i\000s\000c\000u\000s\000s\000i\000o\000n}{section.3}% 12
\BOOKMARK [1][-]{section.4}{\376\377\000L\000i\000k\000e\000l\000i\000h\000o\000o\000d\000\040\000R\000a\000t\000i\000o\000\040\000T\000e\000s\000t\000i\000n\000g}{}% 13
\BOOKMARK [2][-]{subsection.4.1}{\376\377\000T\000y\000p\000e\000\040\000I\000\040\000E\000r\000r\000o\000r\000\040\000a\000n\000d\000\040\000P\000o\000w\000e\000r}{section.4}% 14
\BOOKMARK [1][-]{section.5}{\376\377\000A\000d\000a\000p\000t\000i\000v\000e\000\040\000M\000o\000d\000e\000l\000\040\000S\000e\000l\000e\000c\000t\000i\000o\000n}{}% 15
\BOOKMARK [2][-]{subsection.5.1}{\376\377\000P\000r\000o\000c\000e\000d\000u\000r\000e}{section.5}% 16
\BOOKMARK [2][-]{subsection.5.2}{\376\377\000S\000i\000m\000u\000l\000a\000t\000i\000o\000n\000\040\000D\000e\000s\000i\000g\000n}{section.5}% 17
\BOOKMARK [2][-]{subsection.5.3}{\376\377\000R\000e\000s\000u\000l\000t\000s}{section.5}% 18
\BOOKMARK [2][-]{subsection.5.4}{\376\377\000D\000i\000s\000c\000u\000s\000s\000i\000o\000n}{section.5}% 19
\BOOKMARK [1][-]{section.6}{\376\377\000C\000o\000n\000c\000l\000u\000s\000i\000o\000n}{}% 20
\BOOKMARK [1][-]{appendix.A}{\376\377\000D\000a\000t\000a\000\040\000Q\000u\000a\000l\000i\000t\000y\000\040\000E\000f\000f\000e\000c\000t\000s\000\040\000o\000n\000\040\000L\000R\000T\000\040\000P\000o\000w\000e\000r}{}% 21
\BOOKMARK [1][-]{appendix.B}{\376\377\000C\000o\000m\000p\000a\000r\000i\000s\000o\000n\000\040\000w\000i\000t\000h\000\040\000I\000n\000f\000o\000r\000m\000a\000t\000i\000o\000n\000\040\000C\000r\000i\000t\000e\000r\000i\000a}{}% 22
